info: Server is running on port 3000 {"timestamp":"2025-02-18T04:13:07.658Z"}
info: Waiting for messages (notification)... {"timestamp":"2025-02-18T04:13:09.078Z"}
info: Waiting for messages (SMS)... {"timestamp":"2025-02-18T04:13:09.085Z"}
info: Inserting Notification in queue: Test notification {"timestamp":"2025-02-18T04:13:09.443Z"}
info: Inserting Notification in queue: Test SMS {"timestamp":"2025-02-18T04:13:09.454Z"}
info: Inserting SMS in Queue: {"body":"Its' a test message","deviceToken":"d8WJik_1SCynk9_CcLYlu7:APA91bEKrSnWS2xH1y5G-1ItyJ-aDfk_z3K3U99U5ipZrYngoe7F-qnOvyQCJdsZUlOMffvSxYWMi--SQ_jE732J6mAJLzSvI74ZP10KZvcGd3gdymIAIyQ","platform":"android","timestamp":"2025-02-18T04:13:09.723Z","title":"Test notification"}
info: Inserting SMS in Queue: {"body":"Its' a test SMS","deviceToken":"d8WJik_1SCynk9_CcLYlu7:APA91bEKrSnWS2xH1y5G-1ItyJ-aDfk_z3K3U99U5ipZrYngoe7F-qnOvyQCJdsZUlOMffvSxYWMi--SQ_jE732J6mAJLzSvI74ZP10KZvcGd3gdymIAIyQ","platform":"android","timestamp":"2025-02-18T04:13:09.724Z","title":"Test SMS"}
error: Firebase Error: Unable to detect a Project Id in the current environment. 
To learn more about authentication and Google APIs, visit: 
https://cloud.google.com/docs/authentication/getting-started {"stack":"Error: Unable to detect a Project Id in the current environment. \nTo learn more about authentication and Google APIs, visit: \nhttps://cloud.google.com/docs/authentication/getting-started\n    at GoogleAuth.findAndCacheProjectId (E:\\red\\Projects\\pushNotification [multipleChannel] (modifiedCode)\\node_modules\\google-auth-library\\build\\src\\auth\\googleauth.js:170:19)\n    at process.processTicksAndRejections (node:internal/process/task_queues:95:5)","timestamp":"2025-02-18T04:13:11.625Z"}
error: Firebase Error: Unable to detect a Project Id in the current environment. 
To learn more about authentication and Google APIs, visit: 
https://cloud.google.com/docs/authentication/getting-started {"stack":"Error: Unable to detect a Project Id in the current environment. \nTo learn more about authentication and Google APIs, visit: \nhttps://cloud.google.com/docs/authentication/getting-started\n    at GoogleAuth.findAndCacheProjectId (E:\\red\\Projects\\pushNotification [multipleChannel] (modifiedCode)\\node_modules\\google-auth-library\\build\\src\\auth\\googleauth.js:170:19)\n    at process.processTicksAndRejections (node:internal/process/task_queues:95:5)","timestamp":"2025-02-18T04:13:11.633Z"}
error: SMS Error:  Unable to detect a Project Id in the current environment. 
To learn more about authentication and Google APIs, visit: 
https://cloud.google.com/docs/authentication/getting-started {"stack":"Error: Unable to detect a Project Id in the current environment. \nTo learn more about authentication and Google APIs, visit: \nhttps://cloud.google.com/docs/authentication/getting-started\n    at GoogleAuth.findAndCacheProjectId (E:\\red\\Projects\\pushNotification [multipleChannel] (modifiedCode)\\node_modules\\google-auth-library\\build\\src\\auth\\googleauth.js:170:19)\n    at process.processTicksAndRejections (node:internal/process/task_queues:95:5)","timestamp":"2025-02-18T04:13:11.636Z"}
error: SMS Error:  Unable to detect a Project Id in the current environment. 
To learn more about authentication and Google APIs, visit: 
https://cloud.google.com/docs/authentication/getting-started {"stack":"Error: Unable to detect a Project Id in the current environment. \nTo learn more about authentication and Google APIs, visit: \nhttps://cloud.google.com/docs/authentication/getting-started\n    at GoogleAuth.findAndCacheProjectId (E:\\red\\Projects\\pushNotification [multipleChannel] (modifiedCode)\\node_modules\\google-auth-library\\build\\src\\auth\\googleauth.js:170:19)\n    at process.processTicksAndRejections (node:internal/process/task_queues:95:5)","timestamp":"2025-02-18T04:13:11.640Z"}
info: Server is running on port 3000 {"timestamp":"2025-02-18T04:13:55.153Z"}
info: Waiting for messages (notification)... {"timestamp":"2025-02-18T04:13:56.627Z"}
info: Waiting for messages (SMS)... {"timestamp":"2025-02-18T04:13:56.642Z"}
info: Inserting Notification in queue: Test notification {"timestamp":"2025-02-18T04:13:57.035Z"}
info: Inserting Notification in queue: Test SMS {"timestamp":"2025-02-18T04:13:57.067Z"}
info: Inserting SMS in Queue: {"body":"Its' a test message","deviceToken":"d8WJik_1SCynk9_CcLYlu7:APA91bEKrSnWS2xH1y5G-1ItyJ-aDfk_z3K3U99U5ipZrYngoe7F-qnOvyQCJdsZUlOMffvSxYWMi--SQ_jE732J6mAJLzSvI74ZP10KZvcGd3gdymIAIyQ","platform":"android","timestamp":"2025-02-18T04:13:57.331Z","title":"Test notification"}
info: Inserting SMS in Queue: {"body":"Its' a test SMS","deviceToken":"d8WJik_1SCynk9_CcLYlu7:APA91bEKrSnWS2xH1y5G-1ItyJ-aDfk_z3K3U99U5ipZrYngoe7F-qnOvyQCJdsZUlOMffvSxYWMi--SQ_jE732J6mAJLzSvI74ZP10KZvcGd3gdymIAIyQ","platform":"android","timestamp":"2025-02-18T04:13:57.334Z","title":"Test SMS"}
error: Firebase Error: Unable to detect a Project Id in the current environment. 
To learn more about authentication and Google APIs, visit: 
https://cloud.google.com/docs/authentication/getting-started {"stack":"Error: Unable to detect a Project Id in the current environment. \nTo learn more about authentication and Google APIs, visit: \nhttps://cloud.google.com/docs/authentication/getting-started\n    at GoogleAuth.findAndCacheProjectId (E:\\red\\Projects\\pushNotification [multipleChannel] (modifiedCode)\\node_modules\\google-auth-library\\build\\src\\auth\\googleauth.js:170:19)\n    at process.processTicksAndRejections (node:internal/process/task_queues:95:5)","timestamp":"2025-02-18T04:13:59.261Z"}
error: Firebase Error: Unable to detect a Project Id in the current environment. 
To learn more about authentication and Google APIs, visit: 
https://cloud.google.com/docs/authentication/getting-started {"stack":"Error: Unable to detect a Project Id in the current environment. \nTo learn more about authentication and Google APIs, visit: \nhttps://cloud.google.com/docs/authentication/getting-started\n    at GoogleAuth.findAndCacheProjectId (E:\\red\\Projects\\pushNotification [multipleChannel] (modifiedCode)\\node_modules\\google-auth-library\\build\\src\\auth\\googleauth.js:170:19)\n    at process.processTicksAndRejections (node:internal/process/task_queues:95:5)","timestamp":"2025-02-18T04:13:59.264Z"}
error: SMS Error:  Unable to detect a Project Id in the current environment. 
To learn more about authentication and Google APIs, visit: 
https://cloud.google.com/docs/authentication/getting-started {"stack":"Error: Unable to detect a Project Id in the current environment. \nTo learn more about authentication and Google APIs, visit: \nhttps://cloud.google.com/docs/authentication/getting-started\n    at GoogleAuth.findAndCacheProjectId (E:\\red\\Projects\\pushNotification [multipleChannel] (modifiedCode)\\node_modules\\google-auth-library\\build\\src\\auth\\googleauth.js:170:19)\n    at process.processTicksAndRejections (node:internal/process/task_queues:95:5)","timestamp":"2025-02-18T04:13:59.265Z"}
error: SMS Error:  Unable to detect a Project Id in the current environment. 
To learn more about authentication and Google APIs, visit: 
https://cloud.google.com/docs/authentication/getting-started {"stack":"Error: Unable to detect a Project Id in the current environment. \nTo learn more about authentication and Google APIs, visit: \nhttps://cloud.google.com/docs/authentication/getting-started\n    at GoogleAuth.findAndCacheProjectId (E:\\red\\Projects\\pushNotification [multipleChannel] (modifiedCode)\\node_modules\\google-auth-library\\build\\src\\auth\\googleauth.js:170:19)\n    at process.processTicksAndRejections (node:internal/process/task_queues:95:5)","timestamp":"2025-02-18T04:13:59.265Z"}
info: Server is running on port 3000 {"timestamp":"2025-02-18T04:19:44.029Z"}
info: Server is running on port 3000 {"timestamp":"2025-02-18T04:19:46.688Z"}
info: Waiting for messages (notification)... {"timestamp":"2025-02-18T04:19:48.302Z"}
info: Waiting for messages (SMS)... {"timestamp":"2025-02-18T04:19:48.311Z"}
info: Inserting Notification in queue: Test notification {"timestamp":"2025-02-18T04:19:48.871Z"}
info: Inserting Notification in queue: Test SMS {"timestamp":"2025-02-18T04:19:48.903Z"}
info: Inserting SMS in Queue: {"body":"Its' a test message","deviceToken":"d8WJik_1SCynk9_CcLYlu7:APA91bEKrSnWS2xH1y5G-1ItyJ-aDfk_z3K3U99U5ipZrYngoe7F-qnOvyQCJdsZUlOMffvSxYWMi--SQ_jE732J6mAJLzSvI74ZP10KZvcGd3gdymIAIyQ","platform":"android","timestamp":"2025-02-18T04:19:49.058Z","title":"Test notification"}
info: Inserting SMS in Queue: {"body":"Its' a test SMS","deviceToken":"d8WJik_1SCynk9_CcLYlu7:APA91bEKrSnWS2xH1y5G-1ItyJ-aDfk_z3K3U99U5ipZrYngoe7F-qnOvyQCJdsZUlOMffvSxYWMi--SQ_jE732J6mAJLzSvI74ZP10KZvcGd3gdymIAIyQ","platform":"android","timestamp":"2025-02-18T04:19:49.059Z","title":"Test SMS"}
error: Firebase Error: Unable to detect a Project Id in the current environment. 
To learn more about authentication and Google APIs, visit: 
https://cloud.google.com/docs/authentication/getting-started {"stack":"Error: Unable to detect a Project Id in the current environment. \nTo learn more about authentication and Google APIs, visit: \nhttps://cloud.google.com/docs/authentication/getting-started\n    at GoogleAuth.findAndCacheProjectId (E:\\red\\Projects\\pushNotification [multipleChannel] (modifiedCode)\\node_modules\\google-auth-library\\build\\src\\auth\\googleauth.js:170:19)\n    at process.processTicksAndRejections (node:internal/process/task_queues:95:5)","timestamp":"2025-02-18T04:19:51.063Z"}
error: Firebase Error: Unable to detect a Project Id in the current environment. 
To learn more about authentication and Google APIs, visit: 
https://cloud.google.com/docs/authentication/getting-started {"stack":"Error: Unable to detect a Project Id in the current environment. \nTo learn more about authentication and Google APIs, visit: \nhttps://cloud.google.com/docs/authentication/getting-started\n    at GoogleAuth.findAndCacheProjectId (E:\\red\\Projects\\pushNotification [multipleChannel] (modifiedCode)\\node_modules\\google-auth-library\\build\\src\\auth\\googleauth.js:170:19)\n    at process.processTicksAndRejections (node:internal/process/task_queues:95:5)","timestamp":"2025-02-18T04:19:51.064Z"}
error: SMS Error:  Unable to detect a Project Id in the current environment. 
To learn more about authentication and Google APIs, visit: 
https://cloud.google.com/docs/authentication/getting-started {"stack":"Error: Unable to detect a Project Id in the current environment. \nTo learn more about authentication and Google APIs, visit: \nhttps://cloud.google.com/docs/authentication/getting-started\n    at GoogleAuth.findAndCacheProjectId (E:\\red\\Projects\\pushNotification [multipleChannel] (modifiedCode)\\node_modules\\google-auth-library\\build\\src\\auth\\googleauth.js:170:19)\n    at process.processTicksAndRejections (node:internal/process/task_queues:95:5)","timestamp":"2025-02-18T04:19:51.064Z"}
error: SMS Error:  Unable to detect a Project Id in the current environment. 
To learn more about authentication and Google APIs, visit: 
https://cloud.google.com/docs/authentication/getting-started {"stack":"Error: Unable to detect a Project Id in the current environment. \nTo learn more about authentication and Google APIs, visit: \nhttps://cloud.google.com/docs/authentication/getting-started\n    at GoogleAuth.findAndCacheProjectId (E:\\red\\Projects\\pushNotification [multipleChannel] (modifiedCode)\\node_modules\\google-auth-library\\build\\src\\auth\\googleauth.js:170:19)\n    at process.processTicksAndRejections (node:internal/process/task_queues:95:5)","timestamp":"2025-02-18T04:19:51.064Z"}
info: Server is running on port 3000 {"timestamp":"2025-02-18T04:20:20.402Z"}
info: Waiting for messages (notification)... {"timestamp":"2025-02-18T04:20:22.065Z"}
info: Waiting for messages (SMS)... {"timestamp":"2025-02-18T04:20:22.079Z"}
info: Inserting Notification in queue: Test notification {"timestamp":"2025-02-18T04:20:22.523Z"}
info: Inserting Notification in queue: Test SMS {"timestamp":"2025-02-18T04:20:22.553Z"}
info: Inserting SMS in Queue: {"body":"Its' a test message","deviceToken":"d8WJik_1SCynk9_CcLYlu7:APA91bEKrSnWS2xH1y5G-1ItyJ-aDfk_z3K3U99U5ipZrYngoe7F-qnOvyQCJdsZUlOMffvSxYWMi--SQ_jE732J6mAJLzSvI74ZP10KZvcGd3gdymIAIyQ","platform":"android","timestamp":"2025-02-18T04:20:22.710Z","title":"Test notification"}
info: Inserting SMS in Queue: {"body":"Its' a test SMS","deviceToken":"d8WJik_1SCynk9_CcLYlu7:APA91bEKrSnWS2xH1y5G-1ItyJ-aDfk_z3K3U99U5ipZrYngoe7F-qnOvyQCJdsZUlOMffvSxYWMi--SQ_jE732J6mAJLzSvI74ZP10KZvcGd3gdymIAIyQ","platform":"android","timestamp":"2025-02-18T04:20:22.712Z","title":"Test SMS"}
error: Firebase Error: Unable to detect a Project Id in the current environment. 
To learn more about authentication and Google APIs, visit: 
https://cloud.google.com/docs/authentication/getting-started {"stack":"Error: Unable to detect a Project Id in the current environment. \nTo learn more about authentication and Google APIs, visit: \nhttps://cloud.google.com/docs/authentication/getting-started\n    at GoogleAuth.findAndCacheProjectId (E:\\red\\Projects\\pushNotification [multipleChannel] (modifiedCode)\\node_modules\\google-auth-library\\build\\src\\auth\\googleauth.js:170:19)\n    at process.processTicksAndRejections (node:internal/process/task_queues:95:5)","timestamp":"2025-02-18T04:20:24.753Z"}
error: Firebase Error: Unable to detect a Project Id in the current environment. 
To learn more about authentication and Google APIs, visit: 
https://cloud.google.com/docs/authentication/getting-started {"stack":"Error: Unable to detect a Project Id in the current environment. \nTo learn more about authentication and Google APIs, visit: \nhttps://cloud.google.com/docs/authentication/getting-started\n    at GoogleAuth.findAndCacheProjectId (E:\\red\\Projects\\pushNotification [multipleChannel] (modifiedCode)\\node_modules\\google-auth-library\\build\\src\\auth\\googleauth.js:170:19)\n    at process.processTicksAndRejections (node:internal/process/task_queues:95:5)","timestamp":"2025-02-18T04:20:24.754Z"}
error: SMS Error:  Unable to detect a Project Id in the current environment. 
To learn more about authentication and Google APIs, visit: 
https://cloud.google.com/docs/authentication/getting-started {"stack":"Error: Unable to detect a Project Id in the current environment. \nTo learn more about authentication and Google APIs, visit: \nhttps://cloud.google.com/docs/authentication/getting-started\n    at GoogleAuth.findAndCacheProjectId (E:\\red\\Projects\\pushNotification [multipleChannel] (modifiedCode)\\node_modules\\google-auth-library\\build\\src\\auth\\googleauth.js:170:19)\n    at process.processTicksAndRejections (node:internal/process/task_queues:95:5)","timestamp":"2025-02-18T04:20:24.756Z"}
error: SMS Error:  Unable to detect a Project Id in the current environment. 
To learn more about authentication and Google APIs, visit: 
https://cloud.google.com/docs/authentication/getting-started {"stack":"Error: Unable to detect a Project Id in the current environment. \nTo learn more about authentication and Google APIs, visit: \nhttps://cloud.google.com/docs/authentication/getting-started\n    at GoogleAuth.findAndCacheProjectId (E:\\red\\Projects\\pushNotification [multipleChannel] (modifiedCode)\\node_modules\\google-auth-library\\build\\src\\auth\\googleauth.js:170:19)\n    at process.processTicksAndRejections (node:internal/process/task_queues:95:5)","timestamp":"2025-02-18T04:20:24.756Z"}
info: Server is running on port 3000 {"timestamp":"2025-02-18T04:22:10.205Z"}
info: Waiting for messages (notification)... {"timestamp":"2025-02-18T04:22:11.925Z"}
info: Waiting for messages (SMS)... {"timestamp":"2025-02-18T04:22:11.929Z"}
info: Inserting Notification in queue: Test notification {"timestamp":"2025-02-18T04:22:12.405Z"}
info: Inserting Notification in queue: Test SMS {"timestamp":"2025-02-18T04:22:12.415Z"}
info: Inserting SMS in Queue: {"body":"Its' a test message","deviceToken":"d8WJik_1SCynk9_CcLYlu7:APA91bEKrSnWS2xH1y5G-1ItyJ-aDfk_z3K3U99U5ipZrYngoe7F-qnOvyQCJdsZUlOMffvSxYWMi--SQ_jE732J6mAJLzSvI74ZP10KZvcGd3gdymIAIyQ","platform":"android","timestamp":"2025-02-18T04:22:12.536Z","title":"Test notification"}
info: Inserting SMS in Queue: {"body":"Its' a test SMS","deviceToken":"d8WJik_1SCynk9_CcLYlu7:APA91bEKrSnWS2xH1y5G-1ItyJ-aDfk_z3K3U99U5ipZrYngoe7F-qnOvyQCJdsZUlOMffvSxYWMi--SQ_jE732J6mAJLzSvI74ZP10KZvcGd3gdymIAIyQ","platform":"android","timestamp":"2025-02-18T04:22:12.537Z","title":"Test SMS"}
error: Firebase Error: Unable to detect a Project Id in the current environment. 
To learn more about authentication and Google APIs, visit: 
https://cloud.google.com/docs/authentication/getting-started {"stack":"Error: Unable to detect a Project Id in the current environment. \nTo learn more about authentication and Google APIs, visit: \nhttps://cloud.google.com/docs/authentication/getting-started\n    at GoogleAuth.findAndCacheProjectId (E:\\red\\Projects\\pushNotification [multipleChannel] (modifiedCode)\\node_modules\\google-auth-library\\build\\src\\auth\\googleauth.js:170:19)\n    at process.processTicksAndRejections (node:internal/process/task_queues:95:5)","timestamp":"2025-02-18T04:22:14.583Z"}
error: Firebase Error: Unable to detect a Project Id in the current environment. 
To learn more about authentication and Google APIs, visit: 
https://cloud.google.com/docs/authentication/getting-started {"stack":"Error: Unable to detect a Project Id in the current environment. \nTo learn more about authentication and Google APIs, visit: \nhttps://cloud.google.com/docs/authentication/getting-started\n    at GoogleAuth.findAndCacheProjectId (E:\\red\\Projects\\pushNotification [multipleChannel] (modifiedCode)\\node_modules\\google-auth-library\\build\\src\\auth\\googleauth.js:170:19)\n    at process.processTicksAndRejections (node:internal/process/task_queues:95:5)","timestamp":"2025-02-18T04:22:14.584Z"}
error: SMS Error:  Unable to detect a Project Id in the current environment. 
To learn more about authentication and Google APIs, visit: 
https://cloud.google.com/docs/authentication/getting-started {"stack":"Error: Unable to detect a Project Id in the current environment. \nTo learn more about authentication and Google APIs, visit: \nhttps://cloud.google.com/docs/authentication/getting-started\n    at GoogleAuth.findAndCacheProjectId (E:\\red\\Projects\\pushNotification [multipleChannel] (modifiedCode)\\node_modules\\google-auth-library\\build\\src\\auth\\googleauth.js:170:19)\n    at process.processTicksAndRejections (node:internal/process/task_queues:95:5)","timestamp":"2025-02-18T04:22:14.584Z"}
error: SMS Error:  Unable to detect a Project Id in the current environment. 
To learn more about authentication and Google APIs, visit: 
https://cloud.google.com/docs/authentication/getting-started {"stack":"Error: Unable to detect a Project Id in the current environment. \nTo learn more about authentication and Google APIs, visit: \nhttps://cloud.google.com/docs/authentication/getting-started\n    at GoogleAuth.findAndCacheProjectId (E:\\red\\Projects\\pushNotification [multipleChannel] (modifiedCode)\\node_modules\\google-auth-library\\build\\src\\auth\\googleauth.js:170:19)\n    at process.processTicksAndRejections (node:internal/process/task_queues:95:5)","timestamp":"2025-02-18T04:22:14.585Z"}
info: Server is running on port 3000 {"timestamp":"2025-02-18T04:22:51.307Z"}
info: Server is running on port 3000 {"timestamp":"2025-02-18T04:22:53.030Z"}
info: Waiting for messages (notification)... {"timestamp":"2025-02-18T04:22:54.606Z"}
info: Waiting for messages (SMS)... {"timestamp":"2025-02-18T04:22:54.622Z"}
info: Inserting Notification in queue: Test notification {"timestamp":"2025-02-18T04:22:55.010Z"}
info: Inserting Notification in queue: Test SMS {"timestamp":"2025-02-18T04:22:55.020Z"}
info: Inserting SMS in Queue: {"body":"Its' a test message","deviceToken":"d8WJik_1SCynk9_CcLYlu7:APA91bEKrSnWS2xH1y5G-1ItyJ-aDfk_z3K3U99U5ipZrYngoe7F-qnOvyQCJdsZUlOMffvSxYWMi--SQ_jE732J6mAJLzSvI74ZP10KZvcGd3gdymIAIyQ","platform":"android","timestamp":"2025-02-18T04:22:55.141Z","title":"Test notification"}
info: Inserting SMS in Queue: {"body":"Its' a test SMS","deviceToken":"d8WJik_1SCynk9_CcLYlu7:APA91bEKrSnWS2xH1y5G-1ItyJ-aDfk_z3K3U99U5ipZrYngoe7F-qnOvyQCJdsZUlOMffvSxYWMi--SQ_jE732J6mAJLzSvI74ZP10KZvcGd3gdymIAIyQ","platform":"android","timestamp":"2025-02-18T04:22:55.141Z","title":"Test SMS"}
error: Firebase Error: Unable to detect a Project Id in the current environment. 
To learn more about authentication and Google APIs, visit: 
https://cloud.google.com/docs/authentication/getting-started {"stack":"Error: Unable to detect a Project Id in the current environment. \nTo learn more about authentication and Google APIs, visit: \nhttps://cloud.google.com/docs/authentication/getting-started\n    at GoogleAuth.findAndCacheProjectId (E:\\red\\Projects\\pushNotification [multipleChannel] (modifiedCode)\\node_modules\\google-auth-library\\build\\src\\auth\\googleauth.js:170:19)\n    at process.processTicksAndRejections (node:internal/process/task_queues:95:5)","timestamp":"2025-02-18T04:22:57.209Z"}
error: Firebase Error: Unable to detect a Project Id in the current environment. 
To learn more about authentication and Google APIs, visit: 
https://cloud.google.com/docs/authentication/getting-started {"stack":"Error: Unable to detect a Project Id in the current environment. \nTo learn more about authentication and Google APIs, visit: \nhttps://cloud.google.com/docs/authentication/getting-started\n    at GoogleAuth.findAndCacheProjectId (E:\\red\\Projects\\pushNotification [multipleChannel] (modifiedCode)\\node_modules\\google-auth-library\\build\\src\\auth\\googleauth.js:170:19)\n    at process.processTicksAndRejections (node:internal/process/task_queues:95:5)","timestamp":"2025-02-18T04:22:57.210Z"}
error: SMS Error:  Unable to detect a Project Id in the current environment. 
To learn more about authentication and Google APIs, visit: 
https://cloud.google.com/docs/authentication/getting-started {"stack":"Error: Unable to detect a Project Id in the current environment. \nTo learn more about authentication and Google APIs, visit: \nhttps://cloud.google.com/docs/authentication/getting-started\n    at GoogleAuth.findAndCacheProjectId (E:\\red\\Projects\\pushNotification [multipleChannel] (modifiedCode)\\node_modules\\google-auth-library\\build\\src\\auth\\googleauth.js:170:19)\n    at process.processTicksAndRejections (node:internal/process/task_queues:95:5)","timestamp":"2025-02-18T04:22:57.210Z"}
error: SMS Error:  Unable to detect a Project Id in the current environment. 
To learn more about authentication and Google APIs, visit: 
https://cloud.google.com/docs/authentication/getting-started {"stack":"Error: Unable to detect a Project Id in the current environment. \nTo learn more about authentication and Google APIs, visit: \nhttps://cloud.google.com/docs/authentication/getting-started\n    at GoogleAuth.findAndCacheProjectId (E:\\red\\Projects\\pushNotification [multipleChannel] (modifiedCode)\\node_modules\\google-auth-library\\build\\src\\auth\\googleauth.js:170:19)\n    at process.processTicksAndRejections (node:internal/process/task_queues:95:5)","timestamp":"2025-02-18T04:22:57.210Z"}
info: Server is running on port 3000 {"timestamp":"2025-02-18T04:28:47.499Z"}
info: Server is running on port 3000 {"timestamp":"2025-02-18T04:29:16.032Z"}
info: Server is running on port 3000 {"timestamp":"2025-02-18T04:29:46.224Z"}
info: Server is running on port 3000 {"timestamp":"2025-02-18T04:30:00.033Z"}
info: Server is running on port 3000 {"timestamp":"2025-02-18T04:30:33.019Z"}
info: Waiting for messages (notification)... {"timestamp":"2025-02-18T04:30:34.779Z"}
info: Waiting for messages (SMS)... {"timestamp":"2025-02-18T04:30:34.793Z"}
info: Inserting Notification in queue: Test notification {"timestamp":"2025-02-18T04:30:35.220Z"}
info: Inserting Notification in queue: Test SMS {"timestamp":"2025-02-18T04:30:35.260Z"}
info: Inserting SMS in Queue: {"body":"Its' a test message","deviceToken":"d8WJik_1SCynk9_CcLYlu7:APA91bEKrSnWS2xH1y5G-1ItyJ-aDfk_z3K3U99U5ipZrYngoe7F-qnOvyQCJdsZUlOMffvSxYWMi--SQ_jE732J6mAJLzSvI74ZP10KZvcGd3gdymIAIyQ","platform":"android","timestamp":"2025-02-18T04:30:35.536Z","title":"Test notification"}
info: Inserting SMS in Queue: {"body":"Its' a test SMS","deviceToken":"d8WJik_1SCynk9_CcLYlu7:APA91bEKrSnWS2xH1y5G-1ItyJ-aDfk_z3K3U99U5ipZrYngoe7F-qnOvyQCJdsZUlOMffvSxYWMi--SQ_jE732J6mAJLzSvI74ZP10KZvcGd3gdymIAIyQ","platform":"android","timestamp":"2025-02-18T04:30:35.539Z","title":"Test SMS"}
error: Firebase Error: Unable to detect a Project Id in the current environment. 
To learn more about authentication and Google APIs, visit: 
https://cloud.google.com/docs/authentication/getting-started {"stack":"Error: Unable to detect a Project Id in the current environment. \nTo learn more about authentication and Google APIs, visit: \nhttps://cloud.google.com/docs/authentication/getting-started\n    at GoogleAuth.findAndCacheProjectId (E:\\red\\Projects\\pushNotification [multipleChannel] (modifiedCode)\\node_modules\\google-auth-library\\build\\src\\auth\\googleauth.js:170:19)\n    at process.processTicksAndRejections (node:internal/process/task_queues:95:5)","timestamp":"2025-02-18T04:30:37.433Z"}
error: Firebase Error: Unable to detect a Project Id in the current environment. 
To learn more about authentication and Google APIs, visit: 
https://cloud.google.com/docs/authentication/getting-started {"stack":"Error: Unable to detect a Project Id in the current environment. \nTo learn more about authentication and Google APIs, visit: \nhttps://cloud.google.com/docs/authentication/getting-started\n    at GoogleAuth.findAndCacheProjectId (E:\\red\\Projects\\pushNotification [multipleChannel] (modifiedCode)\\node_modules\\google-auth-library\\build\\src\\auth\\googleauth.js:170:19)\n    at process.processTicksAndRejections (node:internal/process/task_queues:95:5)","timestamp":"2025-02-18T04:30:37.434Z"}
error: SMS Error:  Unable to detect a Project Id in the current environment. 
To learn more about authentication and Google APIs, visit: 
https://cloud.google.com/docs/authentication/getting-started {"stack":"Error: Unable to detect a Project Id in the current environment. \nTo learn more about authentication and Google APIs, visit: \nhttps://cloud.google.com/docs/authentication/getting-started\n    at GoogleAuth.findAndCacheProjectId (E:\\red\\Projects\\pushNotification [multipleChannel] (modifiedCode)\\node_modules\\google-auth-library\\build\\src\\auth\\googleauth.js:170:19)\n    at process.processTicksAndRejections (node:internal/process/task_queues:95:5)","timestamp":"2025-02-18T04:30:37.434Z"}
error: SMS Error:  Unable to detect a Project Id in the current environment. 
To learn more about authentication and Google APIs, visit: 
https://cloud.google.com/docs/authentication/getting-started {"stack":"Error: Unable to detect a Project Id in the current environment. \nTo learn more about authentication and Google APIs, visit: \nhttps://cloud.google.com/docs/authentication/getting-started\n    at GoogleAuth.findAndCacheProjectId (E:\\red\\Projects\\pushNotification [multipleChannel] (modifiedCode)\\node_modules\\google-auth-library\\build\\src\\auth\\googleauth.js:170:19)\n    at process.processTicksAndRejections (node:internal/process/task_queues:95:5)","timestamp":"2025-02-18T04:30:37.434Z"}
info: Server is running on port 3000 {"timestamp":"2025-02-18T04:36:41.592Z"}
info: Server is running on port 3000 {"timestamp":"2025-02-18T04:36:51.468Z"}
info: Server is running on port 3000 {"timestamp":"2025-02-18T04:36:51.889Z"}
info: Server is running on port 3000 {"timestamp":"2025-02-18T04:36:59.513Z"}
info: Waiting for messages (notification)... {"timestamp":"2025-02-18T04:37:01.288Z"}
info: Waiting for messages (SMS)... {"timestamp":"2025-02-18T04:37:01.292Z"}
info: Inserting Notification in queue: Test notification {"timestamp":"2025-02-18T04:37:01.948Z"}
info: Inserting Notification in queue: Test SMS {"timestamp":"2025-02-18T04:37:01.971Z"}
info: Inserting SMS in Queue: {"body":"Its' a test message","deviceToken":"d8WJik_1SCynk9_CcLYlu7:APA91bEKrSnWS2xH1y5G-1ItyJ-aDfk_z3K3U99U5ipZrYngoe7F-qnOvyQCJdsZUlOMffvSxYWMi--SQ_jE732J6mAJLzSvI74ZP10KZvcGd3gdymIAIyQ","platform":"android","timestamp":"2025-02-18T04:37:02.140Z","title":"Test notification"}
info: Inserting SMS in Queue: {"body":"Its' a test SMS","deviceToken":"d8WJik_1SCynk9_CcLYlu7:APA91bEKrSnWS2xH1y5G-1ItyJ-aDfk_z3K3U99U5ipZrYngoe7F-qnOvyQCJdsZUlOMffvSxYWMi--SQ_jE732J6mAJLzSvI74ZP10KZvcGd3gdymIAIyQ","platform":"android","timestamp":"2025-02-18T04:37:02.141Z","title":"Test SMS"}
error: Firebase Error: Unable to detect a Project Id in the current environment. 
To learn more about authentication and Google APIs, visit: 
https://cloud.google.com/docs/authentication/getting-started {"stack":"Error: Unable to detect a Project Id in the current environment. \nTo learn more about authentication and Google APIs, visit: \nhttps://cloud.google.com/docs/authentication/getting-started\n    at GoogleAuth.findAndCacheProjectId (E:\\red\\Projects\\pushNotification [multipleChannel] (modifiedCode)\\node_modules\\google-auth-library\\build\\src\\auth\\googleauth.js:170:19)\n    at process.processTicksAndRejections (node:internal/process/task_queues:95:5)","timestamp":"2025-02-18T04:37:04.131Z"}
error: Firebase Error: Unable to detect a Project Id in the current environment. 
To learn more about authentication and Google APIs, visit: 
https://cloud.google.com/docs/authentication/getting-started {"stack":"Error: Unable to detect a Project Id in the current environment. \nTo learn more about authentication and Google APIs, visit: \nhttps://cloud.google.com/docs/authentication/getting-started\n    at GoogleAuth.findAndCacheProjectId (E:\\red\\Projects\\pushNotification [multipleChannel] (modifiedCode)\\node_modules\\google-auth-library\\build\\src\\auth\\googleauth.js:170:19)\n    at process.processTicksAndRejections (node:internal/process/task_queues:95:5)","timestamp":"2025-02-18T04:37:04.133Z"}
error: SMS Error:  Unable to detect a Project Id in the current environment. 
To learn more about authentication and Google APIs, visit: 
https://cloud.google.com/docs/authentication/getting-started {"stack":"Error: Unable to detect a Project Id in the current environment. \nTo learn more about authentication and Google APIs, visit: \nhttps://cloud.google.com/docs/authentication/getting-started\n    at GoogleAuth.findAndCacheProjectId (E:\\red\\Projects\\pushNotification [multipleChannel] (modifiedCode)\\node_modules\\google-auth-library\\build\\src\\auth\\googleauth.js:170:19)\n    at process.processTicksAndRejections (node:internal/process/task_queues:95:5)","timestamp":"2025-02-18T04:37:04.134Z"}
error: SMS Error:  Unable to detect a Project Id in the current environment. 
To learn more about authentication and Google APIs, visit: 
https://cloud.google.com/docs/authentication/getting-started {"stack":"Error: Unable to detect a Project Id in the current environment. \nTo learn more about authentication and Google APIs, visit: \nhttps://cloud.google.com/docs/authentication/getting-started\n    at GoogleAuth.findAndCacheProjectId (E:\\red\\Projects\\pushNotification [multipleChannel] (modifiedCode)\\node_modules\\google-auth-library\\build\\src\\auth\\googleauth.js:170:19)\n    at process.processTicksAndRejections (node:internal/process/task_queues:95:5)","timestamp":"2025-02-18T04:37:04.135Z"}
info: First Queue: notification_queue {"timestamp":"2025-02-18T04:37:37.737Z"}
info: Message sent to the notification queue: 
 {"title":"Test notification","body":"Its' a test message","platform":"android","deviceToken":"d8WJik_1SCynk9_CcLYlu7:APA91bEKrSnWS2xH1y5G-1ItyJ-aDfk_z3K3U99U5ipZrYngoe7F-qnOvyQCJdsZUlOMffvSxYWMi--SQ_jE732J6mAJLzSvI74ZP10KZvcGd3gdymIAIyQ"} {"timestamp":"2025-02-18T04:37:37.770Z"}
info: Inserting Notification in queue: Test notification {"timestamp":"2025-02-18T04:37:37.915Z"}
error: Firebase Error: Unable to detect a Project Id in the current environment. 
To learn more about authentication and Google APIs, visit: 
https://cloud.google.com/docs/authentication/getting-started {"stack":"Error: Unable to detect a Project Id in the current environment. \nTo learn more about authentication and Google APIs, visit: \nhttps://cloud.google.com/docs/authentication/getting-started\n    at GoogleAuth.findAndCacheProjectId (E:\\red\\Projects\\pushNotification [multipleChannel] (modifiedCode)\\node_modules\\google-auth-library\\build\\src\\auth\\googleauth.js:170:19)\n    at process.processTicksAndRejections (node:internal/process/task_queues:95:5)","timestamp":"2025-02-18T04:37:37.917Z"}
info: Message sent to the SMS queue:  
 {"title":"Test notification","body":"Its' a test message","platform":"android","deviceToken":"d8WJik_1SCynk9_CcLYlu7:APA91bEKrSnWS2xH1y5G-1ItyJ-aDfk_z3K3U99U5ipZrYngoe7F-qnOvyQCJdsZUlOMffvSxYWMi--SQ_jE732J6mAJLzSvI74ZP10KZvcGd3gdymIAIyQ"} {"timestamp":"2025-02-18T04:37:38.064Z"}
info: Inserting SMS in Queue: {"body":"Its' a test message","deviceToken":"d8WJik_1SCynk9_CcLYlu7:APA91bEKrSnWS2xH1y5G-1ItyJ-aDfk_z3K3U99U5ipZrYngoe7F-qnOvyQCJdsZUlOMffvSxYWMi--SQ_jE732J6mAJLzSvI74ZP10KZvcGd3gdymIAIyQ","platform":"android","timestamp":"2025-02-18T04:37:38.228Z","title":"Test notification"}
error: SMS Error:  Unable to detect a Project Id in the current environment. 
To learn more about authentication and Google APIs, visit: 
https://cloud.google.com/docs/authentication/getting-started {"stack":"Error: Unable to detect a Project Id in the current environment. \nTo learn more about authentication and Google APIs, visit: \nhttps://cloud.google.com/docs/authentication/getting-started\n    at GoogleAuth.findAndCacheProjectId (E:\\red\\Projects\\pushNotification [multipleChannel] (modifiedCode)\\node_modules\\google-auth-library\\build\\src\\auth\\googleauth.js:170:19)\n    at process.processTicksAndRejections (node:internal/process/task_queues:95:5)","timestamp":"2025-02-18T04:37:38.229Z"}
info: Connection closed successfully {"timestamp":"2025-02-18T04:37:38.683Z"}
info: Server is running on port 3000 {"timestamp":"2025-02-18T04:39:28.618Z"}
info: Waiting for messages (notification)... {"timestamp":"2025-02-18T04:39:30.246Z"}
info: Waiting for messages (SMS)... {"timestamp":"2025-02-18T04:39:30.250Z"}
info: Inserting Notification in queue: Test notification {"timestamp":"2025-02-18T04:39:30.622Z"}
info: Inserting Notification in queue: Test SMS {"timestamp":"2025-02-18T04:39:30.632Z"}
info: Inserting Notification in queue: Test notification {"timestamp":"2025-02-18T04:39:30.633Z"}
info: Inserting SMS in Queue: {"body":"Its' a test message","deviceToken":"d8WJik_1SCynk9_CcLYlu7:APA91bEKrSnWS2xH1y5G-1ItyJ-aDfk_z3K3U99U5ipZrYngoe7F-qnOvyQCJdsZUlOMffvSxYWMi--SQ_jE732J6mAJLzSvI74ZP10KZvcGd3gdymIAIyQ","platform":"android","timestamp":"2025-02-18T04:39:30.748Z","title":"Test notification"}
info: Inserting SMS in Queue: {"body":"Its' a test SMS","deviceToken":"d8WJik_1SCynk9_CcLYlu7:APA91bEKrSnWS2xH1y5G-1ItyJ-aDfk_z3K3U99U5ipZrYngoe7F-qnOvyQCJdsZUlOMffvSxYWMi--SQ_jE732J6mAJLzSvI74ZP10KZvcGd3gdymIAIyQ","platform":"android","timestamp":"2025-02-18T04:39:30.749Z","title":"Test SMS"}
info: Inserting SMS in Queue: {"body":"Its' a test message","deviceToken":"d8WJik_1SCynk9_CcLYlu7:APA91bEKrSnWS2xH1y5G-1ItyJ-aDfk_z3K3U99U5ipZrYngoe7F-qnOvyQCJdsZUlOMffvSxYWMi--SQ_jE732J6mAJLzSvI74ZP10KZvcGd3gdymIAIyQ","platform":"android","timestamp":"2025-02-18T04:39:30.749Z","title":"Test notification"}
error: Firebase Error: Unable to detect a Project Id in the current environment. 
To learn more about authentication and Google APIs, visit: 
https://cloud.google.com/docs/authentication/getting-started {"stack":"Error: Unable to detect a Project Id in the current environment. \nTo learn more about authentication and Google APIs, visit: \nhttps://cloud.google.com/docs/authentication/getting-started\n    at GoogleAuth.findAndCacheProjectId (E:\\red\\Projects\\pushNotification [multipleChannel] (modifiedCode)\\node_modules\\google-auth-library\\build\\src\\auth\\googleauth.js:170:19)\n    at process.processTicksAndRejections (node:internal/process/task_queues:95:5)","timestamp":"2025-02-18T04:39:32.794Z"}
error: Firebase Error: Unable to detect a Project Id in the current environment. 
To learn more about authentication and Google APIs, visit: 
https://cloud.google.com/docs/authentication/getting-started {"stack":"Error: Unable to detect a Project Id in the current environment. \nTo learn more about authentication and Google APIs, visit: \nhttps://cloud.google.com/docs/authentication/getting-started\n    at GoogleAuth.findAndCacheProjectId (E:\\red\\Projects\\pushNotification [multipleChannel] (modifiedCode)\\node_modules\\google-auth-library\\build\\src\\auth\\googleauth.js:170:19)\n    at process.processTicksAndRejections (node:internal/process/task_queues:95:5)","timestamp":"2025-02-18T04:39:32.795Z"}
error: Firebase Error: Unable to detect a Project Id in the current environment. 
To learn more about authentication and Google APIs, visit: 
https://cloud.google.com/docs/authentication/getting-started {"stack":"Error: Unable to detect a Project Id in the current environment. \nTo learn more about authentication and Google APIs, visit: \nhttps://cloud.google.com/docs/authentication/getting-started\n    at GoogleAuth.findAndCacheProjectId (E:\\red\\Projects\\pushNotification [multipleChannel] (modifiedCode)\\node_modules\\google-auth-library\\build\\src\\auth\\googleauth.js:170:19)\n    at process.processTicksAndRejections (node:internal/process/task_queues:95:5)","timestamp":"2025-02-18T04:39:32.795Z"}
error: SMS Error:  Unable to detect a Project Id in the current environment. 
To learn more about authentication and Google APIs, visit: 
https://cloud.google.com/docs/authentication/getting-started {"stack":"Error: Unable to detect a Project Id in the current environment. \nTo learn more about authentication and Google APIs, visit: \nhttps://cloud.google.com/docs/authentication/getting-started\n    at GoogleAuth.findAndCacheProjectId (E:\\red\\Projects\\pushNotification [multipleChannel] (modifiedCode)\\node_modules\\google-auth-library\\build\\src\\auth\\googleauth.js:170:19)\n    at process.processTicksAndRejections (node:internal/process/task_queues:95:5)","timestamp":"2025-02-18T04:39:32.795Z"}
error: SMS Error:  Unable to detect a Project Id in the current environment. 
To learn more about authentication and Google APIs, visit: 
https://cloud.google.com/docs/authentication/getting-started {"stack":"Error: Unable to detect a Project Id in the current environment. \nTo learn more about authentication and Google APIs, visit: \nhttps://cloud.google.com/docs/authentication/getting-started\n    at GoogleAuth.findAndCacheProjectId (E:\\red\\Projects\\pushNotification [multipleChannel] (modifiedCode)\\node_modules\\google-auth-library\\build\\src\\auth\\googleauth.js:170:19)\n    at process.processTicksAndRejections (node:internal/process/task_queues:95:5)","timestamp":"2025-02-18T04:39:32.796Z"}
error: SMS Error:  Unable to detect a Project Id in the current environment. 
To learn more about authentication and Google APIs, visit: 
https://cloud.google.com/docs/authentication/getting-started {"stack":"Error: Unable to detect a Project Id in the current environment. \nTo learn more about authentication and Google APIs, visit: \nhttps://cloud.google.com/docs/authentication/getting-started\n    at GoogleAuth.findAndCacheProjectId (E:\\red\\Projects\\pushNotification [multipleChannel] (modifiedCode)\\node_modules\\google-auth-library\\build\\src\\auth\\googleauth.js:170:19)\n    at process.processTicksAndRejections (node:internal/process/task_queues:95:5)","timestamp":"2025-02-18T04:39:32.796Z"}
info: Server is running on port 3000 {"timestamp":"2025-02-18T04:44:41.047Z"}
info: Server is running on port 3000 {"timestamp":"2025-02-18T04:44:45.506Z"}
info: Server is running on port 3000 {"timestamp":"2025-02-18T04:44:57.019Z"}
info: Server is running on port 3000 {"timestamp":"2025-02-18T04:45:29.692Z"}
info: Server is running on port 3000 {"timestamp":"2025-02-18T04:45:34.426Z"}
info: Server is running on port 3000 {"timestamp":"2025-02-18T04:45:36.076Z"}
info: Server is running on port 3000 {"timestamp":"2025-02-18T04:45:37.284Z"}
info: Waiting for messages (notification)... {"timestamp":"2025-02-18T04:45:38.786Z"}
info: Waiting for messages (SMS)... {"timestamp":"2025-02-18T04:45:38.789Z"}
info: Inserting Notification in queue: Test notification {"timestamp":"2025-02-18T04:45:39.295Z"}
info: Inserting Notification in queue: Test SMS {"timestamp":"2025-02-18T04:45:39.325Z"}
info: Inserting Notification in queue: Test notification {"timestamp":"2025-02-18T04:45:39.326Z"}
info: Inserting SMS in Queue: {"body":"Its' a test message","deviceToken":"d8WJik_1SCynk9_CcLYlu7:APA91bEKrSnWS2xH1y5G-1ItyJ-aDfk_z3K3U99U5ipZrYngoe7F-qnOvyQCJdsZUlOMffvSxYWMi--SQ_jE732J6mAJLzSvI74ZP10KZvcGd3gdymIAIyQ","platform":"android","timestamp":"2025-02-18T04:45:39.464Z","title":"Test notification"}
info: Inserting SMS in Queue: {"body":"Its' a test SMS","deviceToken":"d8WJik_1SCynk9_CcLYlu7:APA91bEKrSnWS2xH1y5G-1ItyJ-aDfk_z3K3U99U5ipZrYngoe7F-qnOvyQCJdsZUlOMffvSxYWMi--SQ_jE732J6mAJLzSvI74ZP10KZvcGd3gdymIAIyQ","platform":"android","timestamp":"2025-02-18T04:45:39.465Z","title":"Test SMS"}
info: Inserting SMS in Queue: {"body":"Its' a test message","deviceToken":"d8WJik_1SCynk9_CcLYlu7:APA91bEKrSnWS2xH1y5G-1ItyJ-aDfk_z3K3U99U5ipZrYngoe7F-qnOvyQCJdsZUlOMffvSxYWMi--SQ_jE732J6mAJLzSvI74ZP10KZvcGd3gdymIAIyQ","platform":"android","timestamp":"2025-02-18T04:45:39.466Z","title":"Test notification"}
error: Firebase Error: Unable to detect a Project Id in the current environment. 
To learn more about authentication and Google APIs, visit: 
https://cloud.google.com/docs/authentication/getting-started {"stack":"Error: Unable to detect a Project Id in the current environment. \nTo learn more about authentication and Google APIs, visit: \nhttps://cloud.google.com/docs/authentication/getting-started\n    at GoogleAuth.findAndCacheProjectId (E:\\red\\Projects\\pushNotification [multipleChannel] (modifiedCode)\\node_modules\\google-auth-library\\build\\src\\auth\\googleauth.js:170:19)\n    at process.processTicksAndRejections (node:internal/process/task_queues:95:5)","timestamp":"2025-02-18T04:45:41.505Z"}
error: Firebase Error: Unable to detect a Project Id in the current environment. 
To learn more about authentication and Google APIs, visit: 
https://cloud.google.com/docs/authentication/getting-started {"stack":"Error: Unable to detect a Project Id in the current environment. \nTo learn more about authentication and Google APIs, visit: \nhttps://cloud.google.com/docs/authentication/getting-started\n    at GoogleAuth.findAndCacheProjectId (E:\\red\\Projects\\pushNotification [multipleChannel] (modifiedCode)\\node_modules\\google-auth-library\\build\\src\\auth\\googleauth.js:170:19)\n    at process.processTicksAndRejections (node:internal/process/task_queues:95:5)","timestamp":"2025-02-18T04:45:41.506Z"}
error: Firebase Error: Unable to detect a Project Id in the current environment. 
To learn more about authentication and Google APIs, visit: 
https://cloud.google.com/docs/authentication/getting-started {"stack":"Error: Unable to detect a Project Id in the current environment. \nTo learn more about authentication and Google APIs, visit: \nhttps://cloud.google.com/docs/authentication/getting-started\n    at GoogleAuth.findAndCacheProjectId (E:\\red\\Projects\\pushNotification [multipleChannel] (modifiedCode)\\node_modules\\google-auth-library\\build\\src\\auth\\googleauth.js:170:19)\n    at process.processTicksAndRejections (node:internal/process/task_queues:95:5)","timestamp":"2025-02-18T04:45:41.507Z"}
error: SMS Error:  Unable to detect a Project Id in the current environment. 
To learn more about authentication and Google APIs, visit: 
https://cloud.google.com/docs/authentication/getting-started {"stack":"Error: Unable to detect a Project Id in the current environment. \nTo learn more about authentication and Google APIs, visit: \nhttps://cloud.google.com/docs/authentication/getting-started\n    at GoogleAuth.findAndCacheProjectId (E:\\red\\Projects\\pushNotification [multipleChannel] (modifiedCode)\\node_modules\\google-auth-library\\build\\src\\auth\\googleauth.js:170:19)\n    at process.processTicksAndRejections (node:internal/process/task_queues:95:5)","timestamp":"2025-02-18T04:45:41.508Z"}
error: SMS Error:  Unable to detect a Project Id in the current environment. 
To learn more about authentication and Google APIs, visit: 
https://cloud.google.com/docs/authentication/getting-started {"stack":"Error: Unable to detect a Project Id in the current environment. \nTo learn more about authentication and Google APIs, visit: \nhttps://cloud.google.com/docs/authentication/getting-started\n    at GoogleAuth.findAndCacheProjectId (E:\\red\\Projects\\pushNotification [multipleChannel] (modifiedCode)\\node_modules\\google-auth-library\\build\\src\\auth\\googleauth.js:170:19)\n    at process.processTicksAndRejections (node:internal/process/task_queues:95:5)","timestamp":"2025-02-18T04:45:41.509Z"}
error: SMS Error:  Unable to detect a Project Id in the current environment. 
To learn more about authentication and Google APIs, visit: 
https://cloud.google.com/docs/authentication/getting-started {"stack":"Error: Unable to detect a Project Id in the current environment. \nTo learn more about authentication and Google APIs, visit: \nhttps://cloud.google.com/docs/authentication/getting-started\n    at GoogleAuth.findAndCacheProjectId (E:\\red\\Projects\\pushNotification [multipleChannel] (modifiedCode)\\node_modules\\google-auth-library\\build\\src\\auth\\googleauth.js:170:19)\n    at process.processTicksAndRejections (node:internal/process/task_queues:95:5)","timestamp":"2025-02-18T04:45:41.510Z"}
info: Server is running on port 3000 {"timestamp":"2025-02-18T04:46:31.269Z"}
info: Waiting for messages (notification)... {"timestamp":"2025-02-18T04:46:32.893Z"}
info: Waiting for messages (SMS)... {"timestamp":"2025-02-18T04:46:32.896Z"}
info: Inserting Notification in queue: Test notification {"timestamp":"2025-02-18T04:46:33.418Z"}
info: Inserting Notification in queue: Test SMS {"timestamp":"2025-02-18T04:46:33.480Z"}
info: Inserting Notification in queue: Test notification {"timestamp":"2025-02-18T04:46:33.481Z"}
info: Inserting SMS in Queue: {"body":"Its' a test message","deviceToken":"d8WJik_1SCynk9_CcLYlu7:APA91bEKrSnWS2xH1y5G-1ItyJ-aDfk_z3K3U99U5ipZrYngoe7F-qnOvyQCJdsZUlOMffvSxYWMi--SQ_jE732J6mAJLzSvI74ZP10KZvcGd3gdymIAIyQ","platform":"android","timestamp":"2025-02-18T04:46:33.582Z","title":"Test notification"}
info: Inserting SMS in Queue: {"body":"Its' a test SMS","deviceToken":"d8WJik_1SCynk9_CcLYlu7:APA91bEKrSnWS2xH1y5G-1ItyJ-aDfk_z3K3U99U5ipZrYngoe7F-qnOvyQCJdsZUlOMffvSxYWMi--SQ_jE732J6mAJLzSvI74ZP10KZvcGd3gdymIAIyQ","platform":"android","timestamp":"2025-02-18T04:46:33.584Z","title":"Test SMS"}
info: Inserting SMS in Queue: {"body":"Its' a test message","deviceToken":"d8WJik_1SCynk9_CcLYlu7:APA91bEKrSnWS2xH1y5G-1ItyJ-aDfk_z3K3U99U5ipZrYngoe7F-qnOvyQCJdsZUlOMffvSxYWMi--SQ_jE732J6mAJLzSvI74ZP10KZvcGd3gdymIAIyQ","platform":"android","timestamp":"2025-02-18T04:46:33.586Z","title":"Test notification"}
error: Firebase Error: Unable to detect a Project Id in the current environment. 
To learn more about authentication and Google APIs, visit: 
https://cloud.google.com/docs/authentication/getting-started {"stack":"Error: Unable to detect a Project Id in the current environment. \nTo learn more about authentication and Google APIs, visit: \nhttps://cloud.google.com/docs/authentication/getting-started\n    at GoogleAuth.findAndCacheProjectId (E:\\red\\Projects\\pushNotification [multipleChannel] (modifiedCode)\\node_modules\\google-auth-library\\build\\src\\auth\\googleauth.js:170:19)\n    at process.processTicksAndRejections (node:internal/process/task_queues:95:5)","timestamp":"2025-02-18T04:46:35.657Z"}
error: Firebase Error: Unable to detect a Project Id in the current environment. 
To learn more about authentication and Google APIs, visit: 
https://cloud.google.com/docs/authentication/getting-started {"stack":"Error: Unable to detect a Project Id in the current environment. \nTo learn more about authentication and Google APIs, visit: \nhttps://cloud.google.com/docs/authentication/getting-started\n    at GoogleAuth.findAndCacheProjectId (E:\\red\\Projects\\pushNotification [multipleChannel] (modifiedCode)\\node_modules\\google-auth-library\\build\\src\\auth\\googleauth.js:170:19)\n    at process.processTicksAndRejections (node:internal/process/task_queues:95:5)","timestamp":"2025-02-18T04:46:35.658Z"}
error: Firebase Error: Unable to detect a Project Id in the current environment. 
To learn more about authentication and Google APIs, visit: 
https://cloud.google.com/docs/authentication/getting-started {"stack":"Error: Unable to detect a Project Id in the current environment. \nTo learn more about authentication and Google APIs, visit: \nhttps://cloud.google.com/docs/authentication/getting-started\n    at GoogleAuth.findAndCacheProjectId (E:\\red\\Projects\\pushNotification [multipleChannel] (modifiedCode)\\node_modules\\google-auth-library\\build\\src\\auth\\googleauth.js:170:19)\n    at process.processTicksAndRejections (node:internal/process/task_queues:95:5)","timestamp":"2025-02-18T04:46:35.659Z"}
error: SMS Error:  Unable to detect a Project Id in the current environment. 
To learn more about authentication and Google APIs, visit: 
https://cloud.google.com/docs/authentication/getting-started {"stack":"Error: Unable to detect a Project Id in the current environment. \nTo learn more about authentication and Google APIs, visit: \nhttps://cloud.google.com/docs/authentication/getting-started\n    at GoogleAuth.findAndCacheProjectId (E:\\red\\Projects\\pushNotification [multipleChannel] (modifiedCode)\\node_modules\\google-auth-library\\build\\src\\auth\\googleauth.js:170:19)\n    at process.processTicksAndRejections (node:internal/process/task_queues:95:5)","timestamp":"2025-02-18T04:46:35.659Z"}
error: SMS Error:  Unable to detect a Project Id in the current environment. 
To learn more about authentication and Google APIs, visit: 
https://cloud.google.com/docs/authentication/getting-started {"stack":"Error: Unable to detect a Project Id in the current environment. \nTo learn more about authentication and Google APIs, visit: \nhttps://cloud.google.com/docs/authentication/getting-started\n    at GoogleAuth.findAndCacheProjectId (E:\\red\\Projects\\pushNotification [multipleChannel] (modifiedCode)\\node_modules\\google-auth-library\\build\\src\\auth\\googleauth.js:170:19)\n    at process.processTicksAndRejections (node:internal/process/task_queues:95:5)","timestamp":"2025-02-18T04:46:35.660Z"}
error: SMS Error:  Unable to detect a Project Id in the current environment. 
To learn more about authentication and Google APIs, visit: 
https://cloud.google.com/docs/authentication/getting-started {"stack":"Error: Unable to detect a Project Id in the current environment. \nTo learn more about authentication and Google APIs, visit: \nhttps://cloud.google.com/docs/authentication/getting-started\n    at GoogleAuth.findAndCacheProjectId (E:\\red\\Projects\\pushNotification [multipleChannel] (modifiedCode)\\node_modules\\google-auth-library\\build\\src\\auth\\googleauth.js:170:19)\n    at process.processTicksAndRejections (node:internal/process/task_queues:95:5)","timestamp":"2025-02-18T04:46:35.661Z"}
info: Server is running on port 3000 {"timestamp":"2025-02-18T04:46:44.749Z"}
info: Waiting for messages (notification)... {"timestamp":"2025-02-18T04:46:46.265Z"}
info: Waiting for messages (SMS)... {"timestamp":"2025-02-18T04:46:46.268Z"}
info: Inserting Notification in queue: Test notification {"timestamp":"2025-02-18T04:46:46.665Z"}
info: Inserting Notification in queue: Test SMS {"timestamp":"2025-02-18T04:46:46.686Z"}
info: Inserting Notification in queue: Test notification {"timestamp":"2025-02-18T04:46:46.687Z"}
info: Inserting SMS in Queue: {"body":"Its' a test message","deviceToken":"d8WJik_1SCynk9_CcLYlu7:APA91bEKrSnWS2xH1y5G-1ItyJ-aDfk_z3K3U99U5ipZrYngoe7F-qnOvyQCJdsZUlOMffvSxYWMi--SQ_jE732J6mAJLzSvI74ZP10KZvcGd3gdymIAIyQ","platform":"android","timestamp":"2025-02-18T04:46:46.785Z","title":"Test notification"}
info: Inserting SMS in Queue: {"body":"Its' a test SMS","deviceToken":"d8WJik_1SCynk9_CcLYlu7:APA91bEKrSnWS2xH1y5G-1ItyJ-aDfk_z3K3U99U5ipZrYngoe7F-qnOvyQCJdsZUlOMffvSxYWMi--SQ_jE732J6mAJLzSvI74ZP10KZvcGd3gdymIAIyQ","platform":"android","timestamp":"2025-02-18T04:46:46.786Z","title":"Test SMS"}
info: Inserting SMS in Queue: {"body":"Its' a test message","deviceToken":"d8WJik_1SCynk9_CcLYlu7:APA91bEKrSnWS2xH1y5G-1ItyJ-aDfk_z3K3U99U5ipZrYngoe7F-qnOvyQCJdsZUlOMffvSxYWMi--SQ_jE732J6mAJLzSvI74ZP10KZvcGd3gdymIAIyQ","platform":"android","timestamp":"2025-02-18T04:46:46.787Z","title":"Test notification"}
error: Firebase Error: Unable to detect a Project Id in the current environment. 
To learn more about authentication and Google APIs, visit: 
https://cloud.google.com/docs/authentication/getting-started {"stack":"Error: Unable to detect a Project Id in the current environment. \nTo learn more about authentication and Google APIs, visit: \nhttps://cloud.google.com/docs/authentication/getting-started\n    at GoogleAuth.findAndCacheProjectId (E:\\red\\Projects\\pushNotification [multipleChannel] (modifiedCode)\\node_modules\\google-auth-library\\build\\src\\auth\\googleauth.js:170:19)\n    at process.processTicksAndRejections (node:internal/process/task_queues:95:5)","timestamp":"2025-02-18T04:46:48.867Z"}
error: Firebase Error: Unable to detect a Project Id in the current environment. 
To learn more about authentication and Google APIs, visit: 
https://cloud.google.com/docs/authentication/getting-started {"stack":"Error: Unable to detect a Project Id in the current environment. \nTo learn more about authentication and Google APIs, visit: \nhttps://cloud.google.com/docs/authentication/getting-started\n    at GoogleAuth.findAndCacheProjectId (E:\\red\\Projects\\pushNotification [multipleChannel] (modifiedCode)\\node_modules\\google-auth-library\\build\\src\\auth\\googleauth.js:170:19)\n    at process.processTicksAndRejections (node:internal/process/task_queues:95:5)","timestamp":"2025-02-18T04:46:48.870Z"}
error: Firebase Error: Unable to detect a Project Id in the current environment. 
To learn more about authentication and Google APIs, visit: 
https://cloud.google.com/docs/authentication/getting-started {"stack":"Error: Unable to detect a Project Id in the current environment. \nTo learn more about authentication and Google APIs, visit: \nhttps://cloud.google.com/docs/authentication/getting-started\n    at GoogleAuth.findAndCacheProjectId (E:\\red\\Projects\\pushNotification [multipleChannel] (modifiedCode)\\node_modules\\google-auth-library\\build\\src\\auth\\googleauth.js:170:19)\n    at process.processTicksAndRejections (node:internal/process/task_queues:95:5)","timestamp":"2025-02-18T04:46:48.871Z"}
error: SMS Error:  Unable to detect a Project Id in the current environment. 
To learn more about authentication and Google APIs, visit: 
https://cloud.google.com/docs/authentication/getting-started {"stack":"Error: Unable to detect a Project Id in the current environment. \nTo learn more about authentication and Google APIs, visit: \nhttps://cloud.google.com/docs/authentication/getting-started\n    at GoogleAuth.findAndCacheProjectId (E:\\red\\Projects\\pushNotification [multipleChannel] (modifiedCode)\\node_modules\\google-auth-library\\build\\src\\auth\\googleauth.js:170:19)\n    at process.processTicksAndRejections (node:internal/process/task_queues:95:5)","timestamp":"2025-02-18T04:46:48.874Z"}
error: SMS Error:  Unable to detect a Project Id in the current environment. 
To learn more about authentication and Google APIs, visit: 
https://cloud.google.com/docs/authentication/getting-started {"stack":"Error: Unable to detect a Project Id in the current environment. \nTo learn more about authentication and Google APIs, visit: \nhttps://cloud.google.com/docs/authentication/getting-started\n    at GoogleAuth.findAndCacheProjectId (E:\\red\\Projects\\pushNotification [multipleChannel] (modifiedCode)\\node_modules\\google-auth-library\\build\\src\\auth\\googleauth.js:170:19)\n    at process.processTicksAndRejections (node:internal/process/task_queues:95:5)","timestamp":"2025-02-18T04:46:48.875Z"}
error: SMS Error:  Unable to detect a Project Id in the current environment. 
To learn more about authentication and Google APIs, visit: 
https://cloud.google.com/docs/authentication/getting-started {"stack":"Error: Unable to detect a Project Id in the current environment. \nTo learn more about authentication and Google APIs, visit: \nhttps://cloud.google.com/docs/authentication/getting-started\n    at GoogleAuth.findAndCacheProjectId (E:\\red\\Projects\\pushNotification [multipleChannel] (modifiedCode)\\node_modules\\google-auth-library\\build\\src\\auth\\googleauth.js:170:19)\n    at process.processTicksAndRejections (node:internal/process/task_queues:95:5)","timestamp":"2025-02-18T04:46:48.877Z"}
info: Server is running on port 3000 {"timestamp":"2025-02-18T04:47:27.872Z"}
info: Waiting for messages (notification)... {"timestamp":"2025-02-18T04:47:29.548Z"}
info: Waiting for messages (SMS)... {"timestamp":"2025-02-18T04:47:29.565Z"}
info: Inserting Notification in queue: Test notification {"timestamp":"2025-02-18T04:47:29.940Z"}
info: Inserting Notification in queue: Test SMS {"timestamp":"2025-02-18T04:47:29.958Z"}
info: Inserting Notification in queue: Test notification {"timestamp":"2025-02-18T04:47:29.958Z"}
info: Inserting SMS in Queue: {"body":"Its' a test message","deviceToken":"d8WJik_1SCynk9_CcLYlu7:APA91bEKrSnWS2xH1y5G-1ItyJ-aDfk_z3K3U99U5ipZrYngoe7F-qnOvyQCJdsZUlOMffvSxYWMi--SQ_jE732J6mAJLzSvI74ZP10KZvcGd3gdymIAIyQ","platform":"android","timestamp":"2025-02-18T04:47:30.061Z","title":"Test notification"}
info: Inserting SMS in Queue: {"body":"Its' a test SMS","deviceToken":"d8WJik_1SCynk9_CcLYlu7:APA91bEKrSnWS2xH1y5G-1ItyJ-aDfk_z3K3U99U5ipZrYngoe7F-qnOvyQCJdsZUlOMffvSxYWMi--SQ_jE732J6mAJLzSvI74ZP10KZvcGd3gdymIAIyQ","platform":"android","timestamp":"2025-02-18T04:47:30.062Z","title":"Test SMS"}
info: Inserting SMS in Queue: {"body":"Its' a test message","deviceToken":"d8WJik_1SCynk9_CcLYlu7:APA91bEKrSnWS2xH1y5G-1ItyJ-aDfk_z3K3U99U5ipZrYngoe7F-qnOvyQCJdsZUlOMffvSxYWMi--SQ_jE732J6mAJLzSvI74ZP10KZvcGd3gdymIAIyQ","platform":"android","timestamp":"2025-02-18T04:47:30.063Z","title":"Test notification"}
error: Firebase Error: Unable to detect a Project Id in the current environment. 
To learn more about authentication and Google APIs, visit: 
https://cloud.google.com/docs/authentication/getting-started {"stack":"Error: Unable to detect a Project Id in the current environment. \nTo learn more about authentication and Google APIs, visit: \nhttps://cloud.google.com/docs/authentication/getting-started\n    at GoogleAuth.findAndCacheProjectId (E:\\red\\Projects\\pushNotification [multipleChannel] (modifiedCode)\\node_modules\\google-auth-library\\build\\src\\auth\\googleauth.js:170:19)\n    at process.processTicksAndRejections (node:internal/process/task_queues:95:5)","timestamp":"2025-02-18T04:47:32.154Z"}
error: Firebase Error: Unable to detect a Project Id in the current environment. 
To learn more about authentication and Google APIs, visit: 
https://cloud.google.com/docs/authentication/getting-started {"stack":"Error: Unable to detect a Project Id in the current environment. \nTo learn more about authentication and Google APIs, visit: \nhttps://cloud.google.com/docs/authentication/getting-started\n    at GoogleAuth.findAndCacheProjectId (E:\\red\\Projects\\pushNotification [multipleChannel] (modifiedCode)\\node_modules\\google-auth-library\\build\\src\\auth\\googleauth.js:170:19)\n    at process.processTicksAndRejections (node:internal/process/task_queues:95:5)","timestamp":"2025-02-18T04:47:32.155Z"}
error: Firebase Error: Unable to detect a Project Id in the current environment. 
To learn more about authentication and Google APIs, visit: 
https://cloud.google.com/docs/authentication/getting-started {"stack":"Error: Unable to detect a Project Id in the current environment. \nTo learn more about authentication and Google APIs, visit: \nhttps://cloud.google.com/docs/authentication/getting-started\n    at GoogleAuth.findAndCacheProjectId (E:\\red\\Projects\\pushNotification [multipleChannel] (modifiedCode)\\node_modules\\google-auth-library\\build\\src\\auth\\googleauth.js:170:19)\n    at process.processTicksAndRejections (node:internal/process/task_queues:95:5)","timestamp":"2025-02-18T04:47:32.157Z"}
error: SMS Error:  Unable to detect a Project Id in the current environment. 
To learn more about authentication and Google APIs, visit: 
https://cloud.google.com/docs/authentication/getting-started {"stack":"Error: Unable to detect a Project Id in the current environment. \nTo learn more about authentication and Google APIs, visit: \nhttps://cloud.google.com/docs/authentication/getting-started\n    at GoogleAuth.findAndCacheProjectId (E:\\red\\Projects\\pushNotification [multipleChannel] (modifiedCode)\\node_modules\\google-auth-library\\build\\src\\auth\\googleauth.js:170:19)\n    at process.processTicksAndRejections (node:internal/process/task_queues:95:5)","timestamp":"2025-02-18T04:47:32.158Z"}
error: SMS Error:  Unable to detect a Project Id in the current environment. 
To learn more about authentication and Google APIs, visit: 
https://cloud.google.com/docs/authentication/getting-started {"stack":"Error: Unable to detect a Project Id in the current environment. \nTo learn more about authentication and Google APIs, visit: \nhttps://cloud.google.com/docs/authentication/getting-started\n    at GoogleAuth.findAndCacheProjectId (E:\\red\\Projects\\pushNotification [multipleChannel] (modifiedCode)\\node_modules\\google-auth-library\\build\\src\\auth\\googleauth.js:170:19)\n    at process.processTicksAndRejections (node:internal/process/task_queues:95:5)","timestamp":"2025-02-18T04:47:32.158Z"}
error: SMS Error:  Unable to detect a Project Id in the current environment. 
To learn more about authentication and Google APIs, visit: 
https://cloud.google.com/docs/authentication/getting-started {"stack":"Error: Unable to detect a Project Id in the current environment. \nTo learn more about authentication and Google APIs, visit: \nhttps://cloud.google.com/docs/authentication/getting-started\n    at GoogleAuth.findAndCacheProjectId (E:\\red\\Projects\\pushNotification [multipleChannel] (modifiedCode)\\node_modules\\google-auth-library\\build\\src\\auth\\googleauth.js:170:19)\n    at process.processTicksAndRejections (node:internal/process/task_queues:95:5)","timestamp":"2025-02-18T04:47:32.159Z"}
info: Server is running on port 3000 {"timestamp":"2025-02-18T04:48:02.297Z"}
info: Waiting for messages (notification)... {"timestamp":"2025-02-18T04:48:03.868Z"}
info: Waiting for messages (SMS)... {"timestamp":"2025-02-18T04:48:03.886Z"}
info: Inserting Notification in queue: Test notification {"timestamp":"2025-02-18T04:48:04.470Z"}
info: Inserting Notification in queue: Test SMS {"timestamp":"2025-02-18T04:48:04.515Z"}
info: Inserting Notification in queue: Test notification {"timestamp":"2025-02-18T04:48:04.516Z"}
info: Inserting SMS in Queue: {"body":"Its' a test message","deviceToken":"d8WJik_1SCynk9_CcLYlu7:APA91bEKrSnWS2xH1y5G-1ItyJ-aDfk_z3K3U99U5ipZrYngoe7F-qnOvyQCJdsZUlOMffvSxYWMi--SQ_jE732J6mAJLzSvI74ZP10KZvcGd3gdymIAIyQ","platform":"android","timestamp":"2025-02-18T04:48:04.654Z","title":"Test notification"}
info: Inserting SMS in Queue: {"body":"Its' a test SMS","deviceToken":"d8WJik_1SCynk9_CcLYlu7:APA91bEKrSnWS2xH1y5G-1ItyJ-aDfk_z3K3U99U5ipZrYngoe7F-qnOvyQCJdsZUlOMffvSxYWMi--SQ_jE732J6mAJLzSvI74ZP10KZvcGd3gdymIAIyQ","platform":"android","timestamp":"2025-02-18T04:48:04.658Z","title":"Test SMS"}
info: Inserting SMS in Queue: {"body":"Its' a test message","deviceToken":"d8WJik_1SCynk9_CcLYlu7:APA91bEKrSnWS2xH1y5G-1ItyJ-aDfk_z3K3U99U5ipZrYngoe7F-qnOvyQCJdsZUlOMffvSxYWMi--SQ_jE732J6mAJLzSvI74ZP10KZvcGd3gdymIAIyQ","platform":"android","timestamp":"2025-02-18T04:48:04.660Z","title":"Test notification"}
error: Firebase Error: Unable to detect a Project Id in the current environment. 
To learn more about authentication and Google APIs, visit: 
https://cloud.google.com/docs/authentication/getting-started {"stack":"Error: Unable to detect a Project Id in the current environment. \nTo learn more about authentication and Google APIs, visit: \nhttps://cloud.google.com/docs/authentication/getting-started\n    at GoogleAuth.findAndCacheProjectId (E:\\red\\Projects\\pushNotification [multipleChannel] (modifiedCode)\\node_modules\\google-auth-library\\build\\src\\auth\\googleauth.js:170:19)\n    at process.processTicksAndRejections (node:internal/process/task_queues:95:5)","timestamp":"2025-02-18T04:48:06.697Z"}
error: Firebase Error: Unable to detect a Project Id in the current environment. 
To learn more about authentication and Google APIs, visit: 
https://cloud.google.com/docs/authentication/getting-started {"stack":"Error: Unable to detect a Project Id in the current environment. \nTo learn more about authentication and Google APIs, visit: \nhttps://cloud.google.com/docs/authentication/getting-started\n    at GoogleAuth.findAndCacheProjectId (E:\\red\\Projects\\pushNotification [multipleChannel] (modifiedCode)\\node_modules\\google-auth-library\\build\\src\\auth\\googleauth.js:170:19)\n    at process.processTicksAndRejections (node:internal/process/task_queues:95:5)","timestamp":"2025-02-18T04:48:06.698Z"}
error: Firebase Error: Unable to detect a Project Id in the current environment. 
To learn more about authentication and Google APIs, visit: 
https://cloud.google.com/docs/authentication/getting-started {"stack":"Error: Unable to detect a Project Id in the current environment. \nTo learn more about authentication and Google APIs, visit: \nhttps://cloud.google.com/docs/authentication/getting-started\n    at GoogleAuth.findAndCacheProjectId (E:\\red\\Projects\\pushNotification [multipleChannel] (modifiedCode)\\node_modules\\google-auth-library\\build\\src\\auth\\googleauth.js:170:19)\n    at process.processTicksAndRejections (node:internal/process/task_queues:95:5)","timestamp":"2025-02-18T04:48:06.699Z"}
error: SMS Error:  Unable to detect a Project Id in the current environment. 
To learn more about authentication and Google APIs, visit: 
https://cloud.google.com/docs/authentication/getting-started {"stack":"Error: Unable to detect a Project Id in the current environment. \nTo learn more about authentication and Google APIs, visit: \nhttps://cloud.google.com/docs/authentication/getting-started\n    at GoogleAuth.findAndCacheProjectId (E:\\red\\Projects\\pushNotification [multipleChannel] (modifiedCode)\\node_modules\\google-auth-library\\build\\src\\auth\\googleauth.js:170:19)\n    at process.processTicksAndRejections (node:internal/process/task_queues:95:5)","timestamp":"2025-02-18T04:48:06.699Z"}
error: SMS Error:  Unable to detect a Project Id in the current environment. 
To learn more about authentication and Google APIs, visit: 
https://cloud.google.com/docs/authentication/getting-started {"stack":"Error: Unable to detect a Project Id in the current environment. \nTo learn more about authentication and Google APIs, visit: \nhttps://cloud.google.com/docs/authentication/getting-started\n    at GoogleAuth.findAndCacheProjectId (E:\\red\\Projects\\pushNotification [multipleChannel] (modifiedCode)\\node_modules\\google-auth-library\\build\\src\\auth\\googleauth.js:170:19)\n    at process.processTicksAndRejections (node:internal/process/task_queues:95:5)","timestamp":"2025-02-18T04:48:06.699Z"}
error: SMS Error:  Unable to detect a Project Id in the current environment. 
To learn more about authentication and Google APIs, visit: 
https://cloud.google.com/docs/authentication/getting-started {"stack":"Error: Unable to detect a Project Id in the current environment. \nTo learn more about authentication and Google APIs, visit: \nhttps://cloud.google.com/docs/authentication/getting-started\n    at GoogleAuth.findAndCacheProjectId (E:\\red\\Projects\\pushNotification [multipleChannel] (modifiedCode)\\node_modules\\google-auth-library\\build\\src\\auth\\googleauth.js:170:19)\n    at process.processTicksAndRejections (node:internal/process/task_queues:95:5)","timestamp":"2025-02-18T04:48:06.700Z"}
